\BOOKMARK [1][-]{section.1}{\376\377\000P\000e\000n\000g\000e\000r\000t\000i\000a\000n\000\040\000P\000I\000N\000N\000s}{}% 1
\BOOKMARK [1][-]{section.2}{\376\377\000K\000o\000n\000s\000e\000p\000\040\000D\000a\000s\000a\000r\000\040\000P\000I\000N\000N\000s}{}% 2
\BOOKMARK [2][-]{subsection.2.1}{\376\377\000A\000r\000s\000i\000t\000e\000k\000t\000u\000r\000\040\000N\000e\000u\000r\000a\000l\000\040\000N\000e\000t\000w\000o\000r\000k}{section.2}% 3
\BOOKMARK [2][-]{subsection.2.2}{\376\377\000M\000e\000n\000e\000r\000a\000p\000k\000a\000n\000\040\000S\000y\000a\000r\000a\000t\000\040\000B\000a\000t\000a\000s\000\040\000d\000a\000n\000\040\000S\000y\000a\000r\000a\000t\000\040\000A\000w\000a\000l}{section.2}% 4
\BOOKMARK [2][-]{subsection.2.3}{\376\377\000H\000a\000r\000d\000\040\000C\000o\000n\000s\000t\000r\000a\000i\000n\000t}{section.2}% 5
\BOOKMARK [2][-]{subsection.2.4}{\376\377\000S\000o\000f\000t\000\040\000C\000o\000n\000s\000t\000r\000a\000i\000n\000t}{section.2}% 6
\BOOKMARK [2][-]{subsection.2.5}{\376\377\000F\000u\000n\000g\000s\000i\000\040\000L\000o\000s\000s}{section.2}% 7
\BOOKMARK [2][-]{subsection.2.6}{\376\377\000T\000a\000h\000a\000p\000a\000n\000\040\000K\000e\000r\000j\000a\000\040\000P\000I\000N\000N\000s}{section.2}% 8
\BOOKMARK [1][-]{section.3}{\376\377\000P\000r\000o\000b\000l\000e\000m\000\040\0001\000:\000\040\000P\000e\000r\000s\000a\000m\000a\000a\000n\000\040\000P\000o\000i\000s\000s\000o\000n\000\040\0001\000D}{}% 9
\BOOKMARK [2][-]{subsection.3.1}{\376\377\000P\000r\000o\000b\000l\000e\000m\000\040\000S\000e\000t\000u\000p}{section.3}% 10
\BOOKMARK [2][-]{subsection.3.2}{\376\377\000S\000y\000a\000r\000a\000t\000\040\000B\000a\000t\000a\000s}{section.3}% 11
\BOOKMARK [2][-]{subsection.3.3}{\376\377\000S\000o\000l\000u\000s\000i\000\040\000A\000n\000a\000l\000i\000t\000i\000k}{section.3}% 12
\BOOKMARK [2][-]{subsection.3.4}{\376\377\000L\000o\000s\000s\000\040\000R\000e\000s\000i\000d\000u\000a\000l}{section.3}% 13
\BOOKMARK [2][-]{subsection.3.5}{\376\377\000A\000r\000s\000i\000t\000e\000k\000t\000u\000r\000\040\000d\000a\000n\000\040\000O\000p\000t\000i\000m\000a\000s\000i}{section.3}% 14
\BOOKMARK [2][-]{subsection.3.6}{\376\377\000P\000e\000n\000j\000e\000l\000a\000s\000a\000n\000\040\000K\000o\000d\000e\000\040\000L\000a\000n\000g\000k\000a\000h\000\040\000d\000e\000m\000i\000\040\000L\000a\000n\000g\000k\000a\000h}{section.3}% 15
\BOOKMARK [3][-]{subsubsection.3.6.1}{\376\377\000M\000e\000m\000b\000a\000n\000g\000u\000n\000\040\000n\000e\000u\000r\000a\000l\000\040\000n\000e\000t\000w\000o\000r\000k\000\040\000d\000a\000n\000\040\000m\000e\000n\000e\000r\000a\000p\000k\000a\000n\000\040\000s\000y\000a\000r\000a\000t\000\040\000b\000a\000t\000a\000s}{subsection.3.6}% 16
\BOOKMARK [3][-]{subsubsection.3.6.2}{\376\377\000M\000e\000n\000g\000h\000i\000t\000u\000n\000g\000\040\000r\000e\000s\000i\000d\000u\000a\000l\000\040\000d\000e\000n\000g\000a\000n\000\040\000a\000u\000t\000o\000m\000a\000t\000i\000c\000\040\000d\000i\000f\000f\000e\000r\000e\000n\000t\000i\000a\000t\000i\000o\000n}{subsection.3.6}% 17
\BOOKMARK [3][-]{subsubsection.3.6.3}{\376\377\000M\000e\000n\000y\000i\000a\000p\000k\000a\000n\000\040\000t\000i\000t\000i\000k\000\040\000k\000o\000l\000o\000k\000a\000s\000i\000\040\000d\000a\000n\000\040\000m\000e\000l\000a\000k\000u\000k\000a\000n\000\040\000o\000p\000t\000i\000m\000a\000s\000i}{subsection.3.6}% 18
\BOOKMARK [3][-]{subsubsection.3.6.4}{\376\377\000E\000v\000a\000l\000u\000a\000s\000i\000\040\000s\000o\000l\000u\000s\000i}{subsection.3.6}% 19
\BOOKMARK [1][-]{section.4}{\376\377\000P\000r\000o\000b\000l\000e\000m\000\040\0002\000:\000\040\000P\000e\000r\000s\000a\000m\000a\000a\000n\000\040\000B\000r\000a\000t\000u\000\040\0001\000D}{}% 20
\BOOKMARK [2][-]{subsection.4.1}{\376\377\000P\000r\000o\000b\000l\000e\000m\000\040\000S\000e\000t\000u\000p}{section.4}% 21
\BOOKMARK [2][-]{subsection.4.2}{\376\377\000S\000y\000a\000r\000a\000t\000\040\000B\000a\000t\000a\000s}{section.4}% 22
\BOOKMARK [2][-]{subsection.4.3}{\376\377\000S\000o\000l\000u\000s\000i\000\040\000A\000n\000a\000l\000i\000t\000i\000k}{section.4}% 23
\BOOKMARK [2][-]{subsection.4.4}{\376\377\000L\000o\000s\000s\000\040\000R\000e\000s\000i\000d\000u\000a\000l}{section.4}% 24
\BOOKMARK [2][-]{subsection.4.5}{\376\377\000A\000r\000s\000i\000t\000e\000k\000t\000u\000r\000\040\000d\000a\000n\000\040\000O\000p\000t\000i\000m\000a\000s\000i}{section.4}% 25
\BOOKMARK [2][-]{subsection.4.6}{\376\377\000P\000e\000n\000j\000e\000l\000a\000s\000a\000n\000\040\000K\000o\000d\000e\000\040\000L\000a\000n\000g\000k\000a\000h\000\040\000d\000e\000m\000i\000\040\000L\000a\000n\000g\000k\000a\000h}{section.4}% 26
\BOOKMARK [3][-]{subsubsection.4.6.1}{\376\377\000M\000e\000m\000b\000a\000n\000g\000u\000n\000\040\000m\000o\000d\000e\000l\000\040\000d\000e\000n\000g\000a\000n\000\040\000h\000a\000r\000d\000\040\000c\000o\000n\000s\000t\000r\000a\000i\000n\000t}{subsection.4.6}% 27
\BOOKMARK [3][-]{subsubsection.4.6.2}{\376\377\000M\000e\000m\000b\000e\000n\000t\000u\000k\000\040\000t\000u\000r\000u\000n\000a\000n\000\040\000d\000a\000n\000\040\000r\000e\000s\000i\000d\000u\000a\000l\000\040\000B\000r\000a\000t\000u}{subsection.4.6}% 28
\BOOKMARK [3][-]{subsubsection.4.6.3}{\376\377\000M\000e\000n\000e\000n\000t\000u\000k\000a\000n\000\040\000t\000i\000t\000i\000k\000\040\000k\000o\000l\000o\000k\000a\000s\000i\000\040\000d\000a\000n\000\040\000m\000e\000l\000a\000t\000i\000h\000\040\000m\000o\000d\000e\000l}{subsection.4.6}% 29
\BOOKMARK [3][-]{subsubsection.4.6.4}{\376\377\000M\000e\000n\000g\000e\000v\000a\000l\000u\000a\000s\000i\000\040\000h\000a\000s\000i\000l}{subsection.4.6}% 30
\BOOKMARK [1][-]{section.5}{\376\377\000P\000r\000o\000b\000l\000e\000m\000\040\0003\000:\000\040\000O\000s\000i\000l\000a\000t\000o\000r\000\040\000H\000a\000r\000m\000o\000n\000i\000k\000\040\000T\000e\000r\000e\000d\000a\000m}{}% 31
\BOOKMARK [2][-]{subsection.5.1}{\376\377\000D\000a\000s\000a\000r\000\040\000F\000i\000s\000i\000k\000a}{section.5}% 32
\BOOKMARK [2][-]{subsection.5.2}{\376\377\000S\000y\000a\000r\000a\000t\000\040\000A\000w\000a\000l}{section.5}% 33
\BOOKMARK [2][-]{subsection.5.3}{\376\377\000S\000o\000l\000u\000s\000i\000\040\000A\000n\000a\000l\000i\000t\000i\000k}{section.5}% 34
\BOOKMARK [2][-]{subsection.5.4}{\376\377\000F\000o\000r\000m\000u\000l\000a\000s\000i\000\040\000P\000I\000N\000N\000\040\000p\000a\000d\000a\000\040\000N\000o\000t\000e\000b\000o\000o\000k}{section.5}% 35
\BOOKMARK [2][-]{subsection.5.5}{\376\377\000P\000e\000n\000j\000e\000l\000a\000s\000a\000n\000\040\000K\000o\000d\000e\000\040\000L\000a\000n\000g\000k\000a\000h\000\040\000d\000e\000m\000i\000\040\000L\000a\000n\000g\000k\000a\000h}{section.5}% 36
\BOOKMARK [3][-]{subsubsection.5.5.1}{\376\377\000M\000e\000m\000b\000a\000n\000g\000k\000i\000t\000k\000a\000n\000\040\000s\000o\000l\000u\000s\000i\000\040\000a\000n\000a\000l\000i\000t\000i\000k}{subsection.5.5}% 37
\BOOKMARK [3][-]{subsubsection.5.5.2}{\376\377\000M\000e\000m\000b\000a\000n\000g\000u\000n\000\040\000n\000e\000u\000r\000a\000l\000\040\000n\000e\000t\000w\000o\000r\000k}{subsection.5.5}% 38
\BOOKMARK [3][-]{subsubsection.5.5.3}{\376\377\000M\000e\000n\000d\000e\000f\000i\000n\000i\000s\000i\000k\000a\000n\000\040\000d\000a\000t\000a\000\040\000l\000o\000s\000s\000\040\000d\000a\000n\000\040\000p\000h\000y\000s\000i\000c\000s\000\040\000l\000o\000s\000s}{subsection.5.5}% 39
\BOOKMARK [3][-]{subsubsection.5.5.4}{\376\377\000M\000e\000n\000y\000i\000a\000p\000k\000a\000n\000\040\000d\000a\000t\000a\000\040\000d\000a\000n\000\040\000t\000i\000t\000i\000k\000\040\000k\000o\000l\000o\000k\000a\000s\000i}{subsection.5.5}% 40
\BOOKMARK [3][-]{subsubsection.5.5.5}{\376\377\000O\000p\000t\000i\000m\000a\000s\000i\000\040\000t\000a\000h\000a\000p\000\040\000p\000e\000r\000t\000a\000m\000a\000\040\000d\000e\000n\000g\000a\000n\000\040\000A\000d\000a\000m}{subsection.5.5}% 41
\BOOKMARK [3][-]{subsubsection.5.5.6}{\376\377\000P\000e\000n\000y\000e\000m\000p\000u\000r\000n\000a\000a\000n\000\040\000d\000e\000n\000g\000a\000n\000\040\000L\000-\000B\000F\000G\000S}{subsection.5.5}% 42
\BOOKMARK [3][-]{subsubsection.5.5.7}{\376\377\000M\000e\000n\000g\000u\000k\000u\000r\000\040\000g\000a\000l\000a\000t\000\040\000s\000o\000l\000u\000s\000i}{subsection.5.5}% 43
